javac : C:\Users\ZAID SIDDIQUI\OneDrive - University of 
Stirling\stir uni\SEMESTERS\sem6 2026\CSCU9P6\ASSIGNMENTS
\Grp_9_CSCU9P6\src\main\java\vcfs\controllers\AdminContro
ller.java:1: error: illegal character: '\ufeff'
At line:1 char:1
+ javac -d bin $files 2> compile_errors.txt
+ ~~~~~~~~~~~~~~~~~~~~~~~~~~~~~~~~~~~~~~~~~
    + CategoryInfo          : NotSpecified: (C:\Users\ZA 
   ID S...acter: '\ufeff':String) [], RemoteException
    + FullyQualifiedErrorId : NativeCommandError
 
?package vcfs.controllers;
^
C:\Users\ZAID SIDDIQUI\OneDrive - University of 
Stirling\stir uni\SEMESTERS\sem6 2026\CSCU9P6\ASSIGNMENTS
\Grp_9_CSCU9P6\src\main\java\vcfs\controllers\AdminContro
ller.java:1: error: class, interface, enum, or record 
expected
?package vcfs.controllers;
         ^
C:\Users\ZAID SIDDIQUI\OneDrive - University of 
Stirling\stir uni\SEMESTERS\sem6 2026\CSCU9P6\ASSIGNMENTS
\Grp_9_CSCU9P6\src\main\java\vcfs\controllers\AdminContro
ller.java:3: error: class, interface, enum, or record 
expected
import vcfs.core.CareerFairSystem;
^
C:\Users\ZAID SIDDIQUI\OneDrive - University of 
Stirling\stir uni\SEMESTERS\sem6 2026\CSCU9P6\ASSIGNMENTS
\Grp_9_CSCU9P6\src\main\java\vcfs\controllers\AdminContro
ller.java:4: error: class, interface, enum, or record 
expected
import vcfs.core.LocalDateTime;
^
C:\Users\ZAID SIDDIQUI\OneDrive - University of 
Stirling\stir uni\SEMESTERS\sem6 2026\CSCU9P6\ASSIGNMENTS
\Grp_9_CSCU9P6\src\main\java\vcfs\controllers\AdminContro
ller.java:5: error: class, interface, enum, or record 
expected
import vcfs.core.Logger;
^
C:\Users\ZAID SIDDIQUI\OneDrive - University of 
Stirling\stir uni\SEMESTERS\sem6 2026\CSCU9P6\ASSIGNMENTS
\Grp_9_CSCU9P6\src\main\java\vcfs\controllers\AdminContro
ller.java:6: error: class, interface, enum, or record 
expected
import vcfs.core.LogLevel;
^
C:\Users\ZAID SIDDIQUI\OneDrive - University of 
Stirling\stir uni\SEMESTERS\sem6 2026\CSCU9P6\ASSIGNMENTS
\Grp_9_CSCU9P6\src\main\java\vcfs\controllers\AdminContro
ller.java:7: error: class, interface, enum, or record 
expected
import vcfs.models.structure.Organization;
^
C:\Users\ZAID SIDDIQUI\OneDrive - University of 
Stirling\stir uni\SEMESTERS\sem6 2026\CSCU9P6\ASSIGNMENTS
\Grp_9_CSCU9P6\src\main\java\vcfs\controllers\AdminContro
ller.java:8: error: class, interface, enum, or record 
expected
import vcfs.models.structure.Booth;
^
C:\Users\ZAID SIDDIQUI\OneDrive - University of 
Stirling\stir uni\SEMESTERS\sem6 2026\CSCU9P6\ASSIGNMENTS
\Grp_9_CSCU9P6\src\main\java\vcfs\controllers\AdminContro
ller.java:9: error: class, interface, enum, or record 
expected
import vcfs.models.users.Recruiter;
^
9 errors
