javac : C:\Users\ZAID 
SIDDIQUI\OneDrive - 
University of 
Stirling\stir 
uni\SEMESTERS\sem6 2026\CS
CU9P6\ASSIGNMENTS\Grp_9_CS
CU9P6\src\main\java\vcfs\c
ontrollers\AdminController
.java:5: error: package 
vcfs.models.core does not 
exist
At line:1 char:1
+ javac -cp 
"src\main\java" -d "out" 
(Get-ChildItem -Path 
"src\main\jav ...
+ ~~~~~~~~~~~~~~~~~~~~~~~~
~~~~~~~~~~~~~~~~~~~~~~~~~~
~~~~~~~~~~~~~~~~~~~
    + CategoryInfo        
      : NotSpecified: (C  
  :\Users\ZAID S... doe   
 s not exist:String) [    
], RemoteException
    + FullyQualifiedError 
   Id : NativeCommandErr  
  or
 
import vcfs.models.core.Lo
calDateTime;
                       ^
C:\Users\ZAID 
SIDDIQUI\OneDrive - 
University of 
Stirling\stir 
uni\SEMESTERS\sem6 2026\CS
CU9P6\ASSIGNMENTS\Grp_9_CS
CU9P6\src\main\java\vcfs\m
odels\structure\Booth.java
:10: error: cannot find 
symbol
	public 
Collection<Recruiter> 
recruiters;
	                  ^
  symbol:   class 
Recruiter
  location: class Booth
C:\Users\ZAID 
SIDDIQUI\OneDrive - 
University of 
Stirling\stir 
uni\SEMESTERS\sem6 2026\CS
CU9P6\ASSIGNMENTS\Grp_9_CS
CU9P6\src\main\java\vcfs\m
odels\structure\Booth.java
:19: error: cannot find 
symbol
	public void 
assignRecruiter(Recruiter 
recruiter) {
	                         
   ^
  symbol:   class 
Recruiter
  location: class Booth
C:\Users\ZAID 
SIDDIQUI\OneDrive - 
University of 
Stirling\stir 
uni\SEMESTERS\sem6 2026\CS
CU9P6\ASSIGNMENTS\Grp_9_CS
CU9P6\src\main\java\vcfs\m
odels\structure\Booth.java
:28: error: cannot find 
symbol
	public void 
removeRecruiter(Recruiter 
recruiter) {
	                         
   ^
  symbol:   class 
Recruiter
  location: class Booth
C:\Users\ZAID 
SIDDIQUI\OneDrive - 
University of 
Stirling\stir 
uni\SEMESTERS\sem6 2026\CS
CU9P6\ASSIGNMENTS\Grp_9_CS
CU9P6\src\main\java\vcfs\m
odels\structure\VirtualRoo
m.java:11: error: cannot 
find symbol
	public Collection<Meeting
Session> sessions;
	                  ^
  symbol:   class 
MeetingSession
  location: class 
VirtualRoom
C:\Users\ZAID 
SIDDIQUI\OneDrive - 
University of 
Stirling\stir 
uni\SEMESTERS\sem6 2026\CS
CU9P6\ASSIGNMENTS\Grp_9_CS
CU9P6\src\main\java\vcfs\m
odels\structure\VirtualRoo
m.java:12: error: cannot 
find symbol
	public RoomState state;
	       ^
  symbol:   class 
RoomState
  location: class 
VirtualRoom
C:\Users\ZAID 
SIDDIQUI\OneDrive - 
University of 
Stirling\stir 
uni\SEMESTERS\sem6 2026\CS
CU9P6\ASSIGNMENTS\Grp_9_CS
CU9P6\src\main\java\vcfs\m
odels\structure\VirtualRoo
m.java:34: error: cannot 
find symbol
	public void 
enter(Candidate 
candidate) {
	                  ^
  symbol:   class 
Candidate
  location: class 
VirtualRoom
C:\Users\ZAID 
SIDDIQUI\OneDrive - 
University of 
Stirling\stir 
uni\SEMESTERS\sem6 2026\CS
CU9P6\ASSIGNMENTS\Grp_9_CS
CU9P6\src\main\java\vcfs\m
odels\structure\VirtualRoo
m.java:43: error: cannot 
find symbol
	public void 
leave(Candidate 
candidate) {
	                  ^
  symbol:   class 
Candidate
  location: class 
VirtualRoom
C:\Users\ZAID 
SIDDIQUI\OneDrive - 
University of 
Stirling\stir 
uni\SEMESTERS\sem6 2026\CS
CU9P6\ASSIGNMENTS\Grp_9_CS
CU9P6\src\main\java\vcfs\m
odels\structure\Organizati
on.java:11: error: cannot 
find symbol
	public CareerFair fair;
	       ^
  symbol:   class 
CareerFair
  location: class 
Organization
C:\Users\ZAID 
SIDDIQUI\OneDrive - 
University of 
Stirling\stir 
uni\SEMESTERS\sem6 2026\CS
CU9P6\ASSIGNMENTS\Grp_9_CS
CU9P6\src\main\java\vcfs\m
odels\booking\Offer.java:1
1: error: cannot find 
symbol
	public Recruiter 
publisher;
	       ^
  symbol:   class 
Recruiter
  location: class Offer
C:\Users\ZAID 
SIDDIQUI\OneDrive - 
University of 
Stirling\stir 
uni\SEMESTERS\sem6 2026\CS
CU9P6\ASSIGNMENTS\Grp_9_CS
CU9P6\src\main\java\vcfs\m
odels\booking\Reservation.
java:8: error: cannot 
find symbol
	public Candidate 
candidate;
	       ^
  symbol:   class 
Candidate
  location: class 
Reservation
C:\Users\ZAID 
SIDDIQUI\OneDrive - 
University of 
Stirling\stir 
uni\SEMESTERS\sem6 2026\CS
CU9P6\ASSIGNMENTS\Grp_9_CS
CU9P6\src\main\java\vcfs\m
odels\booking\Reservation.
java:11: error: cannot 
find symbol
	public ReservationState 
state;
	       ^
  symbol:   class 
ReservationState
  location: class 
Reservation
C:\Users\ZAID 
SIDDIQUI\OneDrive - 
University of 
Stirling\stir 
uni\SEMESTERS\sem6 2026\CS
CU9P6\ASSIGNMENTS\Grp_9_CS
CU9P6\src\main\java\vcfs\m
odels\booking\Reservation.
java:12: error: cannot 
find symbol
	public LocalDateTime 
scheduledStart;
	       ^
  symbol:   class 
LocalDateTime
  location: class 
Reservation
C:\Users\ZAID 
SIDDIQUI\OneDrive - 
University of 
Stirling\stir 
uni\SEMESTERS\sem6 2026\CS
CU9P6\ASSIGNMENTS\Grp_9_CS
CU9P6\src\main\java\vcfs\m
odels\booking\Reservation.
java:13: error: cannot 
find symbol
	public LocalDateTime 
scheduledEnd;
	       ^
  symbol:   class 
LocalDateTime
  location: class 
Reservation
C:\Users\ZAID 
SIDDIQUI\OneDrive - 
University of 
Stirling\stir 
uni\SEMESTERS\sem6 2026\CS
CU9P6\ASSIGNMENTS\Grp_9_CS
CU9P6\src\main\java\vcfs\m
odels\booking\Reservation.
java:28: error: cannot 
find symbol
	public boolean 
isActive(LocalDateTime 
now) {
	                        ^
  symbol:   class 
LocalDateTime
  location: class 
Reservation
C:\Users\ZAID 
SIDDIQUI\OneDrive - 
University of 
Stirling\stir 
uni\SEMESTERS\sem6 2026\CS
CU9P6\ASSIGNMENTS\Grp_9_CS
CU9P6\src\main\java\vcfs\m
odels\booking\MeetingSessi
on.java:10: error: cannot 
find symbol
	public VirtualRoom room;
	       ^
  symbol:   class 
VirtualRoom
  location: class 
MeetingSession
C:\Users\ZAID 
SIDDIQUI\OneDrive - 
University of 
Stirling\stir 
uni\SEMESTERS\sem6 2026\CS
CU9P6\ASSIGNMENTS\Grp_9_CS
CU9P6\src\main\java\vcfs\m
odels\booking\MeetingSessi
on.java:12: error: cannot 
find symbol
	public Collection<Attenda
nceRecord> 
attendanceRecords;
	                  ^
  symbol:   class 
AttendanceRecord
  location: class 
MeetingSession
C:\Users\ZAID 
SIDDIQUI\OneDrive - 
University of 
Stirling\stir 
uni\SEMESTERS\sem6 2026\CS
CU9P6\ASSIGNMENTS\Grp_9_CS
CU9P6\src\main\java\vcfs\m
odels\booking\MeetingSessi
on.java:14: error: cannot 
find symbol
	public MeetingState 
state;
	       ^
  symbol:   class 
MeetingState
  location: class 
MeetingSession
C:\Users\ZAID 
SIDDIQUI\OneDrive - 
University of 
Stirling\stir 
uni\SEMESTERS\sem6 2026\CS
CU9P6\ASSIGNMENTS\Grp_9_CS
CU9P6\src\main\java\vcfs\m
odels\booking\MeetingSessi
on.java:20: error: cannot 
find symbol
	public void 
start(LocalDateTime now) {
	                  ^
  symbol:   class 
LocalDateTime
  location: class 
MeetingSession
C:\Users\ZAID 
SIDDIQUI\OneDrive - 
University of 
Stirling\stir 
uni\SEMESTERS\sem6 2026\CS
CU9P6\ASSIGNMENTS\Grp_9_CS
CU9P6\src\main\java\vcfs\m
odels\booking\MeetingSessi
on.java:29: error: cannot 
find symbol
	public void 
end(LocalDateTime now) {
	                ^
  symbol:   class 
LocalDateTime
  location: class 
MeetingSession
C:\Users\ZAID 
SIDDIQUI\OneDrive - 
University of 
Stirling\stir 
uni\SEMESTERS\sem6 2026\CS
CU9P6\ASSIGNMENTS\Grp_9_CS
CU9P6\src\main\java\vcfs\m
odels\booking\MeetingSessi
on.java:39: error: cannot 
find symbol
	public AttendanceRecord 
recordJoin(Candidate 
candidate, LocalDateTime 
now) {
	                         
          ^
  symbol:   class 
Candidate
  location: class 
MeetingSession
C:\Users\ZAID 
SIDDIQUI\OneDrive - 
University of 
Stirling\stir 
uni\SEMESTERS\sem6 2026\CS
CU9P6\ASSIGNMENTS\Grp_9_CS
CU9P6\src\main\java\vcfs\m
odels\booking\MeetingSessi
on.java:39: error: cannot 
find symbol
	public AttendanceRecord 
recordJoin(Candidate 
candidate, LocalDateTime 
now) {
	                         
                          
     ^
  symbol:   class 
LocalDateTime
  location: class 
MeetingSession
C:\Users\ZAID 
SIDDIQUI\OneDrive - 
University of 
Stirling\stir 
uni\SEMESTERS\sem6 2026\CS
CU9P6\ASSIGNMENTS\Grp_9_CS
CU9P6\src\main\java\vcfs\m
odels\booking\MeetingSessi
on.java:39: error: cannot 
find symbol
	public AttendanceRecord 
recordJoin(Candidate 
candidate, LocalDateTime 
now) {
	       ^
  symbol:   class 
AttendanceRecord
  location: class 
MeetingSession
C:\Users\ZAID 
SIDDIQUI\OneDrive - 
University of 
Stirling\stir 
uni\SEMESTERS\sem6 2026\CS
CU9P6\ASSIGNMENTS\Grp_9_CS
CU9P6\src\main\java\vcfs\m
odels\booking\MeetingSessi
on.java:49: error: cannot 
find symbol
	public void 
recordLeave(Candidate 
candidate, LocalDateTime 
now) {
	                        ^
  symbol:   class 
Candidate
  location: class 
MeetingSession
C:\Users\ZAID 
SIDDIQUI\OneDrive - 
University of 
Stirling\stir 
uni\SEMESTERS\sem6 2026\CS
CU9P6\ASSIGNMENTS\Grp_9_CS
CU9P6\src\main\java\vcfs\m
odels\booking\MeetingSessi
on.java:49: error: cannot 
find symbol
	public void 
recordLeave(Candidate 
candidate, LocalDateTime 
now) {
	                         
                    ^
  symbol:   class 
LocalDateTime
  location: class 
MeetingSession
C:\Users\ZAID 
SIDDIQUI\OneDrive - 
University of 
Stirling\stir 
uni\SEMESTERS\sem6 2026\CS
CU9P6\ASSIGNMENTS\Grp_9_CS
CU9P6\src\main\java\vcfs\m
odels\booking\MeetingSessi
on.java:58: error: cannot 
find symbol
	public void setOutcome(At
tendanceOutcome outcome) {
	                       ^
  symbol:   class 
AttendanceOutcome
  location: class 
MeetingSession
C:\Users\ZAID 
SIDDIQUI\OneDrive - 
University of 
Stirling\stir 
uni\SEMESTERS\sem6 2026\CS
CU9P6\ASSIGNMENTS\Grp_9_CS
CU9P6\src\main\java\vcfs\m
odels\booking\Lobby.java:1
4: error: cannot find 
symbol
	public void 
add(Candidate candidate) {
	                ^
  symbol:   class 
Candidate
  location: class Lobby
C:\Users\ZAID 
SIDDIQUI\OneDrive - 
University of 
Stirling\stir 
uni\SEMESTERS\sem6 2026\CS
CU9P6\ASSIGNMENTS\Grp_9_CS
CU9P6\src\main\java\vcfs\m
odels\booking\Lobby.java:2
3: error: cannot find 
symbol
	public void 
remove(Candidate 
candidate) {
	                   ^
  symbol:   class 
Candidate
  location: class Lobby
C:\Users\ZAID 
SIDDIQUI\OneDrive - 
University of 
Stirling\stir 
uni\SEMESTERS\sem6 2026\CS
CU9P6\ASSIGNMENTS\Grp_9_CS
CU9P6\src\main\java\vcfs\m
odels\booking\Request.java
:8: error: cannot find 
symbol
	public Candidate 
requester;
	       ^
  symbol:   class 
Candidate
  location: class Request
C:\Users\ZAID 
SIDDIQUI\OneDrive - 
University of 
Stirling\stir 
uni\SEMESTERS\sem6 2026\CS
CU9P6\ASSIGNMENTS\Grp_9_CS
CU9P6\src\main\java\vcfs\m
odels\users\Candidate.java
:11: error: cannot find 
symbol
	public 
Collection<Request> 
requests;
	                  ^
  symbol:   class Request
  location: class 
Candidate
C:\Users\ZAID 
SIDDIQUI\OneDrive - 
University of 
Stirling\stir 
uni\SEMESTERS\sem6 2026\CS
CU9P6\ASSIGNMENTS\Grp_9_CS
CU9P6\src\main\java\vcfs\m
odels\users\Candidate.java
:12: error: cannot find 
symbol
	public 
Collection<Reservation> 
reservations;
	                  ^
  symbol:   class 
Reservation
  location: class 
Candidate
C:\Users\ZAID 
SIDDIQUI\OneDrive - 
University of 
Stirling\stir 
uni\SEMESTERS\sem6 2026\CS
CU9P6\ASSIGNMENTS\Grp_9_CS
CU9P6\src\main\java\vcfs\m
odels\users\Candidate.java
:20: error: cannot find 
symbol
	public Request 
createRequest(String 
desiredTags, String 
preferredOrgs, int 
maxAppointments) {
	       ^
  symbol:   class Request
  location: class 
Candidate
C:\Users\ZAID 
SIDDIQUI\OneDrive - 
University of 
Stirling\stir 
uni\SEMESTERS\sem6 2026\CS
CU9P6\ASSIGNMENTS\Grp_9_CS
CU9P6\src\main\java\vcfs\m
odels\users\Recruiter.java
:10: error: cannot find 
symbol
	public Collection<Offer> 
offers;
	                  ^
  symbol:   class Offer
  location: class 
Recruiter
C:\Users\ZAID 
SIDDIQUI\OneDrive - 
University of 
Stirling\stir 
uni\SEMESTERS\sem6 2026\CS
CU9P6\ASSIGNMENTS\Grp_9_CS
CU9P6\src\main\java\vcfs\m
odels\users\Recruiter.java
:11: error: cannot find 
symbol
	public Booth booth;
	       ^
  symbol:   class Booth
  location: class 
Recruiter
C:\Users\ZAID 
SIDDIQUI\OneDrive - 
University of 
Stirling\stir 
uni\SEMESTERS\sem6 2026\CS
CU9P6\ASSIGNMENTS\Grp_9_CS
CU9P6\src\main\java\vcfs\m
odels\users\Recruiter.java
:20: error: cannot find 
symbol
	public Offer 
publishOffer(String 
title, int durationMins, 
String topicTags, int 
capacity) {
	       ^
  symbol:   class Offer
  location: class 
Recruiter
C:\Users\ZAID 
SIDDIQUI\OneDrive - 
University of 
Stirling\stir 
uni\SEMESTERS\sem6 2026\CS
CU9P6\ASSIGNMENTS\Grp_9_CS
CU9P6\src\main\java\vcfs\m
odels\audit\AuditEntry.jav
a:8: error: cannot find 
symbol
	public CareerFair fair;
	       ^
  symbol:   class 
CareerFair
  location: class 
AuditEntry
C:\Users\ZAID 
SIDDIQUI\OneDrive - 
University of 
Stirling\stir 
uni\SEMESTERS\sem6 2026\CS
CU9P6\ASSIGNMENTS\Grp_9_CS
CU9P6\src\main\java\vcfs\m
odels\audit\AuditEntry.jav
a:9: error: cannot find 
symbol
	public LocalDateTime 
timestamp;
	       ^
  symbol:   class 
LocalDateTime
  location: class 
AuditEntry
C:\Users\ZAID 
SIDDIQUI\OneDrive - 
University of 
Stirling\stir 
uni\SEMESTERS\sem6 2026\CS
CU9P6\ASSIGNMENTS\Grp_9_CS
CU9P6\src\main\java\vcfs\m
odels\audit\AttendanceReco
rd.java:8: error: cannot 
find symbol
	public MeetingSession 
session;
	       ^
  symbol:   class 
MeetingSession
  location: class 
AttendanceRecord
C:\Users\ZAID 
SIDDIQUI\OneDrive - 
University of 
Stirling\stir 
uni\SEMESTERS\sem6 2026\CS
CU9P6\ASSIGNMENTS\Grp_9_CS
CU9P6\src\main\java\vcfs\m
odels\audit\AttendanceReco
rd.java:9: error: cannot 
find symbol
	public LocalDateTime 
joinTime;
	       ^
  symbol:   class 
LocalDateTime
  location: class 
AttendanceRecord
C:\Users\ZAID 
SIDDIQUI\OneDrive - 
University of 
Stirling\stir 
uni\SEMESTERS\sem6 2026\CS
CU9P6\ASSIGNMENTS\Grp_9_CS
CU9P6\src\main\java\vcfs\m
odels\audit\AttendanceReco
rd.java:10: error: cannot 
find symbol
	public LocalDateTime 
leaveTime;
	       ^
  symbol:   class 
LocalDateTime
  location: class 
AttendanceRecord
C:\Users\ZAID 
SIDDIQUI\OneDrive - 
University of 
Stirling\stir 
uni\SEMESTERS\sem6 2026\CS
CU9P6\ASSIGNMENTS\Grp_9_CS
CU9P6\src\main\java\vcfs\m
odels\audit\AttendanceReco
rd.java:11: error: cannot 
find symbol
	public AttendanceOutcome 
outcome;
	       ^
  symbol:   class 
AttendanceOutcome
  location: class 
AttendanceRecord
C:\Users\ZAID 
SIDDIQUI\OneDrive - 
University of 
Stirling\stir 
uni\SEMESTERS\sem6 2026\CS
CU9P6\ASSIGNMENTS\Grp_9_CS
CU9P6\src\main\java\vcfs\m
odels\audit\AttendanceReco
rd.java:18: error: cannot 
find symbol
	public void 
close(LocalDateTime 
leaveTime, 
AttendanceOutcome 
outcome) {
	                  ^
  symbol:   class 
LocalDateTime
  location: class 
AttendanceRecord
C:\Users\ZAID 
SIDDIQUI\OneDrive - 
University of 
Stirling\stir 
uni\SEMESTERS\sem6 2026\CS
CU9P6\ASSIGNMENTS\Grp_9_CS
CU9P6\src\main\java\vcfs\m
odels\audit\AttendanceReco
rd.java:18: error: cannot 
find symbol
	public void 
close(LocalDateTime 
leaveTime, 
AttendanceOutcome 
outcome) {
	                         
                  ^
  symbol:   class 
AttendanceOutcome
  location: class 
AttendanceRecord
C:\Users\ZAID 
SIDDIQUI\OneDrive - 
University of 
Stirling\stir 
uni\SEMESTERS\sem6 2026\CS
CU9P6\ASSIGNMENTS\Grp_9_CS
CU9P6\src\main\java\vcfs\v
iews\shared\SystemTimerScr
een.java:18: error: 
cannot find symbol
	void 
jumpTo(LocalDateTime 
time) {
	            ^
  symbol:   class 
LocalDateTime
  location: class 
SystemTimerScreen
C:\Users\ZAID 
SIDDIQUI\OneDrive - 
University of 
Stirling\stir 
uni\SEMESTERS\sem6 2026\CS
CU9P6\ASSIGNMENTS\Grp_9_CS
CU9P6\src\main\java\vcfs\c
ontrollers\AdminController
.java:65: error: 
stepMinutes(int) is not 
public in SystemTimer; 
cannot be accessed from 
outside package
        timer.stepMinutes(
minutes);
             ^
C:\Users\ZAID 
SIDDIQUI\OneDrive - 
University of 
Stirling\stir 
uni\SEMESTERS\sem6 2026\CS
CU9P6\ASSIGNMENTS\Grp_9_CS
CU9P6\src\main\java\vcfs\c
ontrollers\AdminController
.java:70: error: 
jumpTo(LocalDateTime) is 
not public in 
SystemTimer; cannot be 
accessed from outside 
package
        
timer.jumpTo(targetTime);
             ^
46 errors
